// Vitest Snapshot v1, https://vitest.dev/guide/snapshot.html

exports[`SearchBox > matches the snapshot 1`] = `"<input data-testid="search-box" type="text" placeholder="Search" class="input input-bordered w-full max-w-xs">"`;

exports[`it matches the snapshot 1`] = `"<input data-testid="search-box" type="text" placeholder="Search" class="input input-bordered w-full max-w-xs">"`;

exports[`matches the snapshot 1`] = `"<input data-testid="search-box" type="text" placeholder="Search" class="input input-bordered w-full max-w-xs">"`;
