// Vitest Snapshot v1, https://vitest.dev/guide/snapshot.html

exports[`SidebarButton > matches the snapshot 1`] = `"<div class="tooltip tooltip-right flex" data-testid="tooltip" data-tip="Expand"><button class="h-10 rounded-l-none rounded-r-lg border-none bg-neutral-content"><svg viewBox="0 0 24 24" width="1.2em" height="1.2em" data-testid="expand" class="size-6"><path fill="currentColor" d="M8.59 16.58L13.17 12L8.59 7.41L10 6l6 6l-6 6z"></path></svg><!----></button></div>"`;
