// Vitest Snapshot v1, https://vitest.dev/guide/snapshot.html

exports[`Sidebar > matches the snapshot 1`] = `"<div class="flex h-screen w-72 flex-grow flex-row items-center py-2"><div class="card card-normal h-full w-full overflow-auto bg-neutral-content p-2" data-testid="sidebar"></div><!----> <div class="tooltip tooltip-right flex" data-testid="tooltip" data-tip="Collapse"><button class="h-10 rounded-l-none rounded-r-lg border-none bg-neutral-content"><svg viewBox="0 0 24 24" width="1.2em" height="1.2em" data-testid="collapse" class="h-6 w-6"><path fill="currentColor" d="M15.41 16.58L10.83 12l4.58-4.59L14 6l-6 6l6 6z"></path></svg><!----></button></div></div>"`;
