// Vitest Snapshot v1, https://vitest.dev/guide/snapshot.html

exports[`Sidebar > matches the snapshot 1`] = `"<div class="h-screen p-2"><div data-testid="sidebar" class="card h-full w-72 bg-neutral-content transition-all"><button class="btn btn-ghost p-0"><svg viewBox="0 0 24 24" width="1.2em" height="1.2em" class="size-5 text-neutral"><path fill="currentColor" d="M3 6h18v2H3zm0 5h18v2H3zm0 5h18v2H3z"></path></svg><!----></button> <!----></div></div>"`;
