// Vitest Snapshot v1, https://vitest.dev/guide/snapshot.html

exports[`Sidebar > matches the snapshot 1`] = `"<div data-testid="sidebar-div" class="h-screen p-2"><div data-testid="sidebar" class="card h-full w-72 bg-neutral-content"><button data-testid="sidebar-button" class="btn btn-ghost"><svg viewBox="0 0 24 24" width="1.2em" height="1.2em" class="text-neutral"><path fill="currentColor" d="M3 6h18v2H3zm0 5h18v2H3zm0 5h18v2H3z"></path></svg><!----></button> <div class="overflow-auto"><!----><!----></div></div><!----></div>"`;
